{
  "Job": {
    "Affinities": null,
    "AllAtOnce": false,
    "Constraints": null,
    "ConsulNamespace": "",
    "CreateIndex": 15,
    "Datacenters": [
      "*"
    ],
    "DispatchIdempotencyToken": "",
    "Dispatched": false,
    "ID": "empty-policy",
    "JobModifyIndex": 15,
    "Meta": null,
    "Migrate": null,
    "ModifyIndex": 16,
    "Multiregion": null,
    "Name": "empty-policy",
    "Namespace": "default",
    "NodePool": "default",
    "NomadTokenID": "",
    "ParameterizedJob": null,
    "ParentID": "",
    "Payload": null,
    "Periodic": null,
    "Priority": 50,
    "Region": "global",
    "Reschedule": null,
    "Spreads": null,
    "Stable": false,
    "Status": "dead",
    "StatusDescription": "",
    "Stop": false,
    "SubmitTime": 1751038604221151000,
    "TaskGroups": [
      {
        "Affinities": null,
        "Constraints": null,
        "Consul": null,
        "Count": 0,
        "Disconnect": null,
        "EphemeralDisk": {
          "Migrate": false,
          "SizeMB": 300,
          "Sticky": false
        },
        "MaxClientDisconnect": null,
        "Meta": null,
        "Migrate": {
          "HealthCheck": "checks",
          "HealthyDeadline": 300000000000,
          "MaxParallel": 1,
          "MinHealthyTime": 10000000000
        },
        "Name": "test",
        "Networks": null,
        "PreventRescheduleOnLost": false,
        "ReschedulePolicy": {
          "Attempts": 0,
          "Delay": 30000000000,
          "DelayFunction": "exponential",
          "Interval": 0,
          "MaxDelay": 3600000000000,
          "Unlimited": true
        },
        "RestartPolicy": {
          "Attempts": 2,
          "Delay": 15000000000,
          "Interval": 1800000000000,
          "Mode": "fail",
          "RenderTemplates": false
        },
        "Scaling": {
          "CreateIndex": 15,
          "Enabled": false,
          "ID": "id",
          "Max": 10,
          "Min": 0,
          "ModifyIndex": 15,
          "Namespace": "",
          "Policy": {},
          "Target": {
            "Namespace": "default",
            "Job": "empty-policy",
            "Group": "test"
          },
          "Type": "horizontal"
        },
        "Services": null,
        "ShutdownDelay": null,
        "Spreads": null,
        "StopAfterClientDisconnect": null,
        "Tasks": [
          {
            "Actions": null,
            "Affinities": null,
            "Artifacts": null,
            "Config": {
              "args": [
                "hi"
              ],
              "command": "echo"
            },
            "Constraints": null,
            "Consul": null,
            "DispatchPayload": null,
            "Driver": "raw_exec",
            "Env": null,
            "Identities": null,
            "Identity": {
              "Audience": [
                "nomadproject.io"
              ],
              "ChangeMode": "",
              "ChangeSignal": "",
              "Env": false,
              "File": false,
              "Filepath": "",
              "Name": "default",
              "ServiceName": "",
              "TTL": 0
            },
            "KillSignal": "",
            "KillTimeout": 5000000000,
            "Kind": "",
            "Leader": false,
            "Lifecycle": null,
            "LogConfig": {
              "Disabled": false,
              "Enabled": null,
              "MaxFileSizeMB": 10,
              "MaxFiles": 10
            },
            "Meta": null,
            "Name": "echo",
            "Resources": {
              "CPU": 100,
              "Cores": 0,
              "Devices": null,
              "DiskMB": 0,
              "IOPS": 0,
              "MemoryMB": 300,
              "MemoryMaxMB": 0,
              "NUMA": null,
              "Networks": null,
              "SecretsMB": 0
            },
            "RestartPolicy": {
              "Attempts": 2,
              "Delay": 15000000000,
              "Interval": 1800000000000,
              "Mode": "fail",
              "RenderTemplates": false
            },
            "ScalingPolicies": null,
            "Schedule": null,
            "Services": null,
            "ShutdownDelay": 0,
            "Templates": null,
            "User": "",
            "Vault": null,
            "VolumeMounts": null
          }
        ],
        "Update": {
          "AutoPromote": false,
          "AutoRevert": false,
          "Canary": 0,
          "HealthCheck": "checks",
          "HealthyDeadline": 300000000000,
          "MaxParallel": 1,
          "MinHealthyTime": 10000000000,
          "ProgressDeadline": 600000000000,
          "Stagger": 30000000000
        },
        "Volumes": null
      }
    ],
    "Type": "service",
    "UI": null,
    "Update": {
      "AutoPromote": false,
      "AutoRevert": false,
      "Canary": 0,
      "HealthCheck": "",
      "HealthyDeadline": 0,
      "MaxParallel": 1,
      "MinHealthyTime": 0,
      "ProgressDeadline": 0,
      "Stagger": 30000000000
    },
    "VaultNamespace": "",
    "Version": 0,
    "VersionTag": null
  }
}
