{
  "Job": {
    "Affinities": null,
    "AllAtOnce": false,
    "Constraints": null,
    "ConsulToken": "",
    "CreateIndex": 252,
    "Datacenters": [
      "dc1"
    ],
    "Dispatched": false,
    "ID": "empty-check",
    "JobModifyIndex": 252,
    "Meta": null,
    "Migrate": null,
    "ModifyIndex": 253,
    "Multiregion": null,
    "Name": "empty-check",
    "Namespace": "default",
    "NomadTokenID": "",
    "ParameterizedJob": null,
    "ParentID": "",
    "Payload": null,
    "Periodic": null,
    "Priority": 50,
    "Region": "global",
    "Reschedule": null,
    "Spreads": null,
    "Stable": false,
    "Status": "dead",
    "StatusDescription": "",
    "Stop": false,
    "SubmitTime": 1602724429635116000,
    "TaskGroups": [
      {
        "Affinities": null,
        "Constraints": null,
        "Count": 0,
        "EphemeralDisk": {
          "Migrate": false,
          "SizeMB": 300,
          "Sticky": false
        },
        "Meta": null,
        "Migrate": null,
        "Name": "test",
        "Networks": null,
        "ReschedulePolicy": {
          "Attempts": 1,
          "Delay": 5000000000,
          "DelayFunction": "constant",
          "Interval": 86400000000000,
          "MaxDelay": 0,
          "Unlimited": false
        },
        "RestartPolicy": {
          "Attempts": 3,
          "Delay": 15000000000,
          "Interval": 86400000000000,
          "Mode": "fail"
        },
        "Scaling": {
          "CreateIndex": 252,
          "Enabled": false,
          "ID": "id",
          "Max": 10,
          "Min": 0,
          "ModifyIndex": 252,
          "Namespace": "",
          "Policy": {
            "check": [
              {
                "check": [
                  {}
                ]
              }
            ]
          },
          "Target": {
            "Job": "empty-check",
            "Group": "test",
            "Namespace": "default"
          },
          "Type": "horizontal"
        },
        "Services": null,
        "ShutdownDelay": null,
        "Spreads": null,
        "StopAfterClientDisconnect": null,
        "Tasks": [
          {
            "Affinities": null,
            "Artifacts": null,
            "Config": {
              "args": [
                "hi"
              ],
              "command": "echo"
            },
            "Constraints": null,
            "DispatchPayload": null,
            "Driver": "raw_exec",
            "Env": null,
            "KillSignal": "",
            "KillTimeout": 5000000000,
            "Kind": "",
            "Leader": false,
            "Lifecycle": null,
            "LogConfig": {
              "MaxFileSizeMB": 10,
              "MaxFiles": 10
            },
            "Meta": null,
            "Name": "echo",
            "Resources": {
              "CPU": 100,
              "Devices": null,
              "DiskMB": 0,
              "IOPS": 0,
              "MemoryMB": 300,
              "Networks": null
            },
            "RestartPolicy": {
              "Attempts": 3,
              "Delay": 15000000000,
              "Interval": 86400000000000,
              "Mode": "fail"
            },
            "ScalingPolicies": null,
            "Services": null,
            "ShutdownDelay": 0,
            "Templates": null,
            "User": "",
            "Vault": null,
            "VolumeMounts": null
          }
        ],
        "Update": null,
        "Volumes": null
      }
    ],
    "Type": "batch",
    "Update": {
      "AutoPromote": false,
      "AutoRevert": false,
      "Canary": 0,
      "HealthCheck": "",
      "HealthyDeadline": 0,
      "MaxParallel": 0,
      "MinHealthyTime": 0,
      "ProgressDeadline": 0,
      "Stagger": 0
    },
    "VaultNamespace": "",
    "VaultToken": "",
    "Version": 0
  }
}
